MAP
  EXTENT 0 0 1 1
  IMAGECOLOR 255 255 255
  IMAGETYPE png
  SIZE -1 -1
  STATUS ON
  UNITS METERS
  CONFIG MS_ERRORFILE "/tmp/mapserv.log"
  NAME "gis"

 OUTPUTFORMAT
   NAME "png"
   MIMETYPE "image/png"
   DRIVER "GD/PNG"
   EXTENSION "png"
   IMAGEMODE "RGBA"
   TRANSPARENT TRUE
   FORMATOPTION "INTERLACE=OFF"
  END

  PROJECTION
    "init=epsg:4326"
  END

  LEGEND
    IMAGECOLOR 255 255 255
    KEYSIZE 20 10
    KEYSPACING 5 5
    LABEL
      SIZE MEDIUM
      TYPE BITMAP
      BUFFER 0
      COLOR 0 0 0
      FORCE FALSE
      MINDISTANCE -1
      MINFEATURESIZE -1
      OFFSET 0 0
      PARTIALS TRUE
    END
    POSITION LL
    STATUS OFF
  END

  QUERYMAP
    COLOR 255 255 0
    SIZE -1 -1
    STATUS OFF
    STYLE HILITE
  END

  SCALEBAR
    ALIGN CENTER
    COLOR 0 0 0
    IMAGECOLOR 255 255 255
    INTERVALS 4
    LABEL
      SIZE MEDIUM
      TYPE BITMAP
      BUFFER 0
      COLOR 0 0 0
      FORCE FALSE
      MINDISTANCE -1
      MINFEATURESIZE -1
      OFFSET 0 0
      PARTIALS TRUE
    END
    POSITION LL
    SIZE 200 3
    STATUS OFF
    STYLE 0
    UNITS MILES
  END

  WEB
    IMAGEPATH "/tmp/"
    IMAGEURL "http://dummy/"
    METADATA
      "wfs_srs"	"EPSG:4326"
      "wfs_title"	"Wiltshire"
      "wfs_namespace_uri"	"http://localhost/cgi-bin/mapserv.exe"
	  "ows_enable_request" "*"
	  "wfs_enable_request" "*"
    END
    QUERYFORMAT text/html
    LEGENDFORMAT text/html
    BROWSEFORMAT text/html
    TEMPLATE "dummy"
  END
    
  LAYER
    CONNECTION "host=** user=** password=** dbname=**"
    CONNECTIONTYPE POSTGIS
    DATA "the_geom from northamerica"
    NAME "northamerica"
    DUMP TRUE
    METADATA
      "gml_featureid"	"id"
      "wfs_title"	"northamerica"
      "wfs_typename"	"northamerica"
      "gml_include_items"	"all"
      "wfs_version"	"1.0.0"
      "wfs_enable_request" "*" 
    END
    PROJECTION
      "init=epsg:4326"
    END
    STATUS ON
    TYPE Polygon
    UNITS METERS
    CLASS
      STYLE
        ANGLE 360
        ANTIALIAS TRUE
        
        WIDTH 1
      END
    END
  END  

  LAYER
    CONNECTION "host=** user=** password=** dbname=**"
    CONNECTIONTYPE POSTGIS
    DATA "the_geom FROM usm"
    NAME "usm"
    DUMP TRUE
    METADATA
      "gml_featureid"	"id"
      "wfs_title"	"usm"
      "wfs_typename"	"usm"
      "gml_include_items"	"all"
      "wfs_version"	"1.0.0"
      "wfs_enable_request" "*" 
    END
    PROJECTION
      "init=epsg:4326"
    END
    STATUS ON
    TYPE Polygon
    UNITS METERS
    CLASS
      STYLE
        ANGLE 360
        ANTIALIAS TRUE
        
        WIDTH 1
      END
    END
  END  

  LAYER
    CONNECTION "host=** user=** password=** dbname=** "
    CONNECTIONTYPE POSTGIS
    DATA "the_geom FROM uss"
    NAME "uss"
    DUMP TRUE
    METADATA
      "gml_featureid"	"id"
      "wfs_title"	"uss"
      "wfs_typename"	"uss"
      "gml_include_items"	"all"
      "wfs_version"	"1.0.0"
      "wfs_enable_request" "*" 
    END
    PROJECTION
      "init=epsg:4326"
    END
    STATUS ON
    TYPE Polygon
    UNITS METERS
    CLASS
      STYLE
        ANGLE 360
        ANTIALIAS TRUE
        
        WIDTH 1
      END
    END
  END  

 END
